
PROGRAM "F:\switcher\fw\Switcher\bin\Project.abs"

*********************************************************************************************
TARGET SECTION
---------------------------------------------------------------------------------------------
Processor   : Freescale HC08
Memory Model: SMALL
File Format : ELF\DWARF 2.0
Linker      : SmartLinker V-5.0.37 Build 9279, Oct  7 2009

*********************************************************************************************
FILE SECTION
---------------------------------------------------------------------------------------------
RTSHC08.C.o (ansiis.lib)                Model: SMALL,         Lang: ANSI-C
Start08.c.o                             Model: SMALL,         Lang: ANSI-C
Cpu.c.o                                 Model: SMALL,         Lang: ANSI-C
IO_Map.c.o                              Model: SMALL,         Lang: ANSI-C
Vectors.c.o                             Model: SMALL,         Lang: ANSI-C
Switcher.c.o                            Model: SMALL,         Lang: ANSI-C
timer.c.o                               Model: SMALL,         Lang: ANSI-C

*********************************************************************************************
STARTUP SECTION
---------------------------------------------------------------------------------------------
Entry point: 0xE004 (_EntryPoint)
_startupData is allocated at 0xE089 and uses 6 Bytes
extern struct _tagStartup {
  unsigned nofZeroOut     1
  _Range   pZeroOut       0xA0     13
  _Copy    *toCopyDownBeg 0xE6DD
} _startupData;

*********************************************************************************************
SECTION-ALLOCATION SECTION
Section Name                    Size  Type     From       To       Segment
---------------------------------------------------------------------------------------------
.text                            582     R     0xE097     0xE2DC   ROM
.rodata                         1024     R     0xE2DD     0xE6DC   ROM
.abs_section_ffbd                  1     R     0xFFBD     0xFFBD   .absSeg0
.abs_section_ffbf                  1     R     0xFFBF     0xFFBF   .absSeg1
.abs_section_0                     1   N/I        0x0        0x0   .absSeg2
.abs_section_1                     1   N/I        0x1        0x1   .absSeg3
.abs_section_2                     1   N/I        0x2        0x2   .absSeg4
.abs_section_3                     1   N/I        0x3        0x3   .absSeg5
.abs_section_4                     1   N/I        0x4        0x4   .absSeg6
.abs_section_5                     1   N/I        0x5        0x5   .absSeg7
.abs_section_e                     1   N/I        0xE        0xE   .absSeg8
.abs_section_10                    1   N/I       0x10       0x10   .absSeg9
.abs_section_11                    1   N/I       0x11       0x11   .absSeg10
.abs_section_16                    1   N/I       0x16       0x16   .absSeg11
.abs_section_17                    1   N/I       0x17       0x17   .absSeg12
.abs_section_18                    1   N/I       0x18       0x18   .absSeg13
.abs_section_1a                    1   N/I       0x1A       0x1A   .absSeg14
.abs_section_1c                    1   N/I       0x1C       0x1C   .absSeg15
.abs_section_1d                    1   N/I       0x1D       0x1D   .absSeg16
.abs_section_1e                    1   N/I       0x1E       0x1E   .absSeg17
.abs_section_1f                    1   N/I       0x1F       0x1F   .absSeg18
.abs_section_20                    1   N/I       0x20       0x20   .absSeg19
.abs_section_25                    1   N/I       0x25       0x25   .absSeg20
.abs_section_28                    1   N/I       0x28       0x28   .absSeg21
.abs_section_3a                    1   N/I       0x3A       0x3A   .absSeg22
.abs_section_3b                    1   N/I       0x3B       0x3B   .absSeg23
.abs_section_3c                    1   N/I       0x3C       0x3C   .absSeg24
.abs_section_3d                    1   N/I       0x3D       0x3D   .absSeg25
.abs_section_3e                    1   N/I       0x3E       0x3E   .absSeg26
.abs_section_3f                    1   N/I       0x3F       0x3F   .absSeg27
.abs_section_48                    1   N/I       0x48       0x48   .absSeg28
.abs_section_49                    1   N/I       0x49       0x49   .absSeg29
.abs_section_4a                    1   N/I       0x4A       0x4A   .absSeg30
.abs_section_4b                    1   N/I       0x4B       0x4B   .absSeg31
.abs_section_50                    1   N/I       0x50       0x50   .absSeg32
.abs_section_51                    1   N/I       0x51       0x51   .absSeg33
.abs_section_52                    1   N/I       0x52       0x52   .absSeg34
.abs_section_53                    1   N/I       0x53       0x53   .absSeg35
.abs_section_55                    1   N/I       0x55       0x55   .absSeg36
.abs_section_58                    1   N/I       0x58       0x58   .absSeg37
.abs_section_59                    1   N/I       0x59       0x59   .absSeg38
.abs_section_5a                    1   N/I       0x5A       0x5A   .absSeg39
.abs_section_5b                    1   N/I       0x5B       0x5B   .absSeg40
.abs_section_5c                    1   N/I       0x5C       0x5C   .absSeg41
.abs_section_5d                    1   N/I       0x5D       0x5D   .absSeg42
.abs_section_60                    1   N/I       0x60       0x60   .absSeg43
.abs_section_65                    1   N/I       0x65       0x65   .absSeg44
.abs_section_68                    1   N/I       0x68       0x68   .absSeg45
.abs_section_6c                    1   N/I       0x6C       0x6C   .absSeg46
.abs_section_6d                    1   N/I       0x6D       0x6D   .absSeg47
.abs_section_6e                    1   N/I       0x6E       0x6E   .absSeg48
.abs_section_1800                  1   N/I     0x1800     0x1800   .absSeg49
.abs_section_1801                  1   N/I     0x1801     0x1801   .absSeg50
.abs_section_1802                  1   N/I     0x1802     0x1802   .absSeg51
.abs_section_1803                  1   N/I     0x1803     0x1803   .absSeg52
.abs_section_1809                  1   N/I     0x1809     0x1809   .absSeg53
.abs_section_180a                  1   N/I     0x180A     0x180A   .absSeg54
.abs_section_1816                  1   N/I     0x1816     0x1816   .absSeg55
.abs_section_1817                  1   N/I     0x1817     0x1817   .absSeg56
.abs_section_1818                  1   N/I     0x1818     0x1818   .absSeg57
.abs_section_1820                  1   N/I     0x1820     0x1820   .absSeg58
.abs_section_1821                  1   N/I     0x1821     0x1821   .absSeg59
.abs_section_1823                  1   N/I     0x1823     0x1823   .absSeg60
.abs_section_1824                  1   N/I     0x1824     0x1824   .absSeg61
.abs_section_1825                  1   N/I     0x1825     0x1825   .absSeg62
.abs_section_1826                  1   N/I     0x1826     0x1826   .absSeg63
.abs_section_1840                  1   N/I     0x1840     0x1840   .absSeg64
.abs_section_1841                  1   N/I     0x1841     0x1841   .absSeg65
.abs_section_1842                  1   N/I     0x1842     0x1842   .absSeg66
.abs_section_1844                  1   N/I     0x1844     0x1844   .absSeg67
.abs_section_1845                  1   N/I     0x1845     0x1845   .absSeg68
.abs_section_1846                  1   N/I     0x1846     0x1846   .absSeg69
.abs_section_1848                  1   N/I     0x1848     0x1848   .absSeg70
.abs_section_1849                  1   N/I     0x1849     0x1849   .absSeg71
.abs_section_184a                  1   N/I     0x184A     0x184A   .absSeg72
.abs_section_184c                  1   N/I     0x184C     0x184C   .absSeg73
.abs_section_184d                  1   N/I     0x184D     0x184D   .absSeg74
.abs_section_184e                  1   N/I     0x184E     0x184E   .absSeg75
.abs_section_1850                  1   N/I     0x1850     0x1850   .absSeg76
.abs_section_1851                  1   N/I     0x1851     0x1851   .absSeg77
.abs_section_1852                  1   N/I     0x1852     0x1852   .absSeg78
.abs_section_1853                  1   N/I     0x1853     0x1853   .absSeg79
.abs_section_12                    2   N/I       0x12       0x13   .absSeg80
.abs_section_14                    2   N/I       0x14       0x15   .absSeg81
.abs_section_21                    2   N/I       0x21       0x22   .absSeg82
.abs_section_23                    2   N/I       0x23       0x24   .absSeg83
.abs_section_26                    2   N/I       0x26       0x27   .absSeg84
.abs_section_29                    2   N/I       0x29       0x2A   .absSeg85
.abs_section_38                    2   N/I       0x38       0x39   .absSeg86
.abs_section_61                    2   N/I       0x61       0x62   .absSeg87
.abs_section_63                    2   N/I       0x63       0x64   .absSeg88
.abs_section_66                    2   N/I       0x66       0x67   .absSeg89
.abs_section_69                    2   N/I       0x69       0x6A   .absSeg90
.abs_section_1806                  2   N/I     0x1806     0x1807   .absSeg91
.abs_section_1810                  2   N/I     0x1810     0x1811   .absSeg92
.abs_section_1812                  2   N/I     0x1812     0x1813   .absSeg93
.abs_section_1814                  2   N/I     0x1814     0x1815   .absSeg94
.abs_section_ffc0                 64     R     0xFFC0     0xFFFF   .absSeg95
.startData                        14     R     0xE089     0xE096   ROM
.init                            137     R     0xE000     0xE088   ROM
.common                           13   R/W       0xA0       0xAC   RAM
.stack                            64   R/W       0xAD       0xEC   RAM
.copy                              2     R     0xE6DD     0xE6DE   ROM

Summary of section sizes per section type:
READ_ONLY (R):         721 (dec:     1825)
READ_WRITE (R/W):       4D (dec:       77)
NO_INIT (N/I):          6C (dec:      108)

*********************************************************************************************
VECTOR-ALLOCATION SECTION
    Address     InitValue   InitFunction
---------------------------------------------------------------------------------------------

*********************************************************************************************
OBJECT-ALLOCATION SECTION
     Name               Module                 Addr   hSize   dSize     Ref    Section   RLIB
---------------------------------------------------------------------------------------------
MODULE:                 -- RTSHC08.C.o (ansiis.lib) --
- PROCEDURES:
     _PUSH_ARGS_L                              E097      20      32       1   .text       
     _ENTER_UNARY_L                            E0B7      29      41       1   .text       
     _ENTER_BINARY_L                           E0E0      16      22       1   .text       
     _LCMP_k_rel_j                             E0F6      1F      31       1   .text       
     _LINC                                     E115      16      22       1   .text       
     _LCMP                                     E12B       6       6       1   .text       
     _COPY                                     E131      30      48       1   .text       
     _POP32                                    E161      1A      26       1   .text       
- VARIABLES:
MODULE:                 -- Start08.c.o --
- PROCEDURES:
     loadByte                                  E17B       E      14       5   .text       
     Init                                      E189      6D     109       1   .text       
     _Startup                                  E1F6       9       9       1   .text       
- VARIABLES:
     _startupData                              E089       6       6       4   .startData  
- LABELS:
     __SEG_END_SSTACK                            ED       0       0       1               
MODULE:                 -- Cpu.c.o --
- PROCEDURES:
     Cpu_Interrupt                             E000       4       4      30   .init       
     _EntryPoint                               E004      2E      46       1   .init       
     PE_low_level_init                         E032      57      87       1   .init       
- VARIABLES:
     NVPROT_INIT                               FFBD       1       1       0   .abs_section_ffbd
     NVOPT_INIT                                FFBF       1       1       0   .abs_section_ffbf
     Shadow_PTB                                  A0       1       1       1   .common     
MODULE:                 -- IO_Map.c.o --
- PROCEDURES:
- VARIABLES:
     _PTAD                                        0       1       1       0   .abs_section_0
     _PTADD                                       1       1       1       0   .abs_section_1
     _PTBD                                        2       1       1      10   .abs_section_2
     _PTBDD                                       3       1       1       2   .abs_section_3
     _PTCD                                        4       1       1       5   .abs_section_4
     _PTCDD                                       5       1       1       2   .abs_section_5
     _ACMPSC                                      E       1       1       0   .abs_section_e
     _ADCSC1                                     10       1       1       2   .abs_section_10
     _ADCSC2                                     11       1       1       1   .abs_section_11
     _ADCCFG                                     16       1       1       1   .abs_section_16
     _APCTL1                                     17       1       1       0   .abs_section_17
     _APCTL2                                     18       1       1       0   .abs_section_18
     _IRQSC                                      1A       1       1       0   .abs_section_1a
     _MTIMSC                                     1C       1       1       0   .abs_section_1c
     _MTIMCLK                                    1D       1       1       0   .abs_section_1d
     _MTIMCNT                                    1E       1       1       0   .abs_section_1e
     _MTIMMOD                                    1F       1       1       0   .abs_section_1f
     _TPM1SC                                     20       1       1       0   .abs_section_20
     _TPM1C0SC                                   25       1       1       0   .abs_section_25
     _TPM1C1SC                                   28       1       1       0   .abs_section_28
     _SCIC1                                      3A       1       1       0   .abs_section_3a
     _SCIC2                                      3B       1       1       0   .abs_section_3b
     _SCIS1                                      3C       1       1       0   .abs_section_3c
     _SCIS2                                      3D       1       1       0   .abs_section_3d
     _SCIC3                                      3E       1       1       0   .abs_section_3e
     _SCID                                       3F       1       1       0   .abs_section_3f
     _ICSC1                                      48       1       1       1   .abs_section_48
     _ICSC2                                      49       1       1       1   .abs_section_49
     _ICSTRM                                     4A       1       1       1   .abs_section_4a
     _ICSSC                                      4B       1       1       2   .abs_section_4b
     _SPIC1                                      50       1       1       0   .abs_section_50
     _SPIC2                                      51       1       1       0   .abs_section_51
     _SPIBR                                      52       1       1       0   .abs_section_52
     _SPIS                                       53       1       1       0   .abs_section_53
     _SPID                                       55       1       1       0   .abs_section_55
     _IICA                                       58       1       1       0   .abs_section_58
     _IICF                                       59       1       1       0   .abs_section_59
     _IICC1                                      5A       1       1       0   .abs_section_5a
     _IICS                                       5B       1       1       0   .abs_section_5b
     _IICD                                       5C       1       1       0   .abs_section_5c
     _IICC2                                      5D       1       1       0   .abs_section_5d
     _TPM2SC                                     60       1       1       0   .abs_section_60
     _TPM2C0SC                                   65       1       1       0   .abs_section_65
     _TPM2C1SC                                   68       1       1       0   .abs_section_68
     _RTCSC                                      6C       1       1       2   .abs_section_6c
     _RTCCNT                                     6D       1       1       0   .abs_section_6d
     _RTCMOD                                     6E       1       1       1   .abs_section_6e
     _SRS                                      1800       1       1       0   .abs_section_1800
     _SBDFR                                    1801       1       1       0   .abs_section_1801
     _SOPT1                                    1802       1       1       1   .abs_section_1802
     _SOPT2                                    1803       1       1       0   .abs_section_1803
     _SPMSC1                                   1809       1       1       1   .abs_section_1809
     _SPMSC2                                   180A       1       1       1   .abs_section_180a
     _DBGC                                     1816       1       1       0   .abs_section_1816
     _DBGT                                     1817       1       1       0   .abs_section_1817
     _DBGS                                     1818       1       1       0   .abs_section_1818
     _FCDIV                                    1820       1       1       0   .abs_section_1820
     _FOPT                                     1821       1       1       0   .abs_section_1821
     _FCNFG                                    1823       1       1       0   .abs_section_1823
     _FPROT                                    1824       1       1       0   .abs_section_1824
     _FSTAT                                    1825       1       1       0   .abs_section_1825
     _FCMD                                     1826       1       1       0   .abs_section_1826
     _PTAPE                                    1840       1       1       0   .abs_section_1840
     _PTASE                                    1841       1       1       1   .abs_section_1841
     _PTADS                                    1842       1       1       1   .abs_section_1842
     _PTASC                                    1844       1       1       0   .abs_section_1844
     _PTAPS                                    1845       1       1       0   .abs_section_1845
     _PTAES                                    1846       1       1       0   .abs_section_1846
     _PTBPE                                    1848       1       1       1   .abs_section_1848
     _PTBSE                                    1849       1       1       1   .abs_section_1849
     _PTBDS                                    184A       1       1       1   .abs_section_184a
     _PTBSC                                    184C       1       1       0   .abs_section_184c
     _PTBPS                                    184D       1       1       0   .abs_section_184d
     _PTBES                                    184E       1       1       0   .abs_section_184e
     _PTCPE                                    1850       1       1       1   .abs_section_1850
     _PTCSE                                    1851       1       1       1   .abs_section_1851
     _PTCDS                                    1852       1       1       1   .abs_section_1852
     _GNGC                                     1853       1       1       1   .abs_section_1853
     _ADCR                                       12       2       2       1   .abs_section_12
     _ADCCV                                      14       2       2       0   .abs_section_14
     _TPM1CNT                                    21       2       2       0   .abs_section_21
     _TPM1MOD                                    23       2       2       0   .abs_section_23
     _TPM1C0V                                    26       2       2       0   .abs_section_26
     _TPM1C1V                                    29       2       2       0   .abs_section_29
     _SCIBD                                      38       2       2       0   .abs_section_38
     _TPM2CNT                                    61       2       2       0   .abs_section_61
     _TPM2MOD                                    63       2       2       0   .abs_section_63
     _TPM2C0V                                    66       2       2       0   .abs_section_66
     _TPM2C1V                                    69       2       2       0   .abs_section_69
     _SDID                                     1806       2       2       0   .abs_section_1806
     _DBGCA                                    1810       2       2       0   .abs_section_1810
     _DBGCB                                    1812       2       2       0   .abs_section_1812
     _DBGF                                     1814       2       2       0   .abs_section_1814
MODULE:                 -- Vectors.c.o --
- PROCEDURES:
- VARIABLES:
     _vect                                     FFC0      40      64       0   .abs_section_ffc0
MODULE:                 -- Switcher.c.o --
- PROCEDURES:
     main                                      E1FF      8C     140       1   .text       
     ReadSetTime                               E28B      36      54       1   .text       
- VARIABLES:
     vect                                      E2DD     400    1024       2   .rodata     
     ticks                                       A1       4       4       4   .common     
     actual                                      A5       4       4       2   .common     
     stat                                        A9       1       1       2   .common     
     blink                                       AA       1       1       4   .common     
     band                                        AB       1       1       5   .common     
     band0                                       AC       1       1       3   .common     
MODULE:                 -- timer.c.o --
- PROCEDURES:
     TimeInt                                   E2C1      15      21       1   .text       
     timer_Init                                E2D6       7       7       1   .text       
- VARIABLES:

*********************************************************************************************
MODULE STATISTIC
  Name                                      Data   Code  Const
---------------------------------------------------------------------------------------------
  RTSHC08.C.o (ansiis.lib)                     0    228      0
  Start08.c.o                                  0    132      0
  Cpu.c.o                                      1    137      2
  IO_Map.c.o                                 108      0      0
  Vectors.c.o                                  0      0     64
  Switcher.c.o                                12    194   1024
  timer.c.o                                    0     28      0
  other                                       64     14      2

*********************************************************************************************
SECTION USE IN OBJECT-ALLOCATION SECTION
---------------------------------------------------------------------------------------------
SECTION: ".text"
  _PUSH_ARGS_L _ENTER_UNARY_L _ENTER_BINARY_L _LCMP_k_rel_j _LINC _LCMP _COPY 
  _POP32 loadByte Init _Startup main ReadSetTime TimeInt timer_Init 
SECTION: ".init"
  Cpu_Interrupt _EntryPoint PE_low_level_init 
SECTION: ".rodata"
  vect 
SECTION: ".common"
  Shadow_PTB ticks actual stat blink band band0 
SECTION: ".abs_section_ffbd"
  NVPROT_INIT 
SECTION: ".abs_section_ffbf"
  NVOPT_INIT 
SECTION: ".abs_section_0"
  _PTAD 
SECTION: ".abs_section_1"
  _PTADD 
SECTION: ".abs_section_2"
  _PTBD 
SECTION: ".abs_section_3"
  _PTBDD 
SECTION: ".abs_section_4"
  _PTCD 
SECTION: ".abs_section_5"
  _PTCDD 
SECTION: ".abs_section_e"
  _ACMPSC 
SECTION: ".abs_section_10"
  _ADCSC1 
SECTION: ".abs_section_11"
  _ADCSC2 
SECTION: ".abs_section_16"
  _ADCCFG 
SECTION: ".abs_section_17"
  _APCTL1 
SECTION: ".abs_section_18"
  _APCTL2 
SECTION: ".abs_section_1a"
  _IRQSC 
SECTION: ".abs_section_1c"
  _MTIMSC 
SECTION: ".abs_section_1d"
  _MTIMCLK 
SECTION: ".abs_section_1e"
  _MTIMCNT 
SECTION: ".abs_section_1f"
  _MTIMMOD 
SECTION: ".abs_section_20"
  _TPM1SC 
SECTION: ".abs_section_25"
  _TPM1C0SC 
SECTION: ".abs_section_28"
  _TPM1C1SC 
SECTION: ".abs_section_3a"
  _SCIC1 
SECTION: ".abs_section_3b"
  _SCIC2 
SECTION: ".abs_section_3c"
  _SCIS1 
SECTION: ".abs_section_3d"
  _SCIS2 
SECTION: ".abs_section_3e"
  _SCIC3 
SECTION: ".abs_section_3f"
  _SCID 
SECTION: ".abs_section_48"
  _ICSC1 
SECTION: ".abs_section_49"
  _ICSC2 
SECTION: ".abs_section_4a"
  _ICSTRM 
SECTION: ".abs_section_4b"
  _ICSSC 
SECTION: ".abs_section_50"
  _SPIC1 
SECTION: ".abs_section_51"
  _SPIC2 
SECTION: ".abs_section_52"
  _SPIBR 
SECTION: ".abs_section_53"
  _SPIS 
SECTION: ".abs_section_55"
  _SPID 
SECTION: ".abs_section_58"
  _IICA 
SECTION: ".abs_section_59"
  _IICF 
SECTION: ".abs_section_5a"
  _IICC1 
SECTION: ".abs_section_5b"
  _IICS 
SECTION: ".abs_section_5c"
  _IICD 
SECTION: ".abs_section_5d"
  _IICC2 
SECTION: ".abs_section_60"
  _TPM2SC 
SECTION: ".abs_section_65"
  _TPM2C0SC 
SECTION: ".abs_section_68"
  _TPM2C1SC 
SECTION: ".abs_section_6c"
  _RTCSC 
SECTION: ".abs_section_6d"
  _RTCCNT 
SECTION: ".abs_section_6e"
  _RTCMOD 
SECTION: ".abs_section_1800"
  _SRS 
SECTION: ".abs_section_1801"
  _SBDFR 
SECTION: ".abs_section_1802"
  _SOPT1 
SECTION: ".abs_section_1803"
  _SOPT2 
SECTION: ".abs_section_1809"
  _SPMSC1 
SECTION: ".abs_section_180a"
  _SPMSC2 
SECTION: ".abs_section_1816"
  _DBGC 
SECTION: ".abs_section_1817"
  _DBGT 
SECTION: ".abs_section_1818"
  _DBGS 
SECTION: ".abs_section_1820"
  _FCDIV 
SECTION: ".abs_section_1821"
  _FOPT 
SECTION: ".abs_section_1823"
  _FCNFG 
SECTION: ".abs_section_1824"
  _FPROT 
SECTION: ".abs_section_1825"
  _FSTAT 
SECTION: ".abs_section_1826"
  _FCMD 
SECTION: ".abs_section_1840"
  _PTAPE 
SECTION: ".abs_section_1841"
  _PTASE 
SECTION: ".abs_section_1842"
  _PTADS 
SECTION: ".abs_section_1844"
  _PTASC 
SECTION: ".abs_section_1845"
  _PTAPS 
SECTION: ".abs_section_1846"
  _PTAES 
SECTION: ".abs_section_1848"
  _PTBPE 
SECTION: ".abs_section_1849"
  _PTBSE 
SECTION: ".abs_section_184a"
  _PTBDS 
SECTION: ".abs_section_184c"
  _PTBSC 
SECTION: ".abs_section_184d"
  _PTBPS 
SECTION: ".abs_section_184e"
  _PTBES 
SECTION: ".abs_section_1850"
  _PTCPE 
SECTION: ".abs_section_1851"
  _PTCSE 
SECTION: ".abs_section_1852"
  _PTCDS 
SECTION: ".abs_section_1853"
  _GNGC 
SECTION: ".abs_section_12"
  _ADCR 
SECTION: ".abs_section_14"
  _ADCCV 
SECTION: ".abs_section_21"
  _TPM1CNT 
SECTION: ".abs_section_23"
  _TPM1MOD 
SECTION: ".abs_section_26"
  _TPM1C0V 
SECTION: ".abs_section_29"
  _TPM1C1V 
SECTION: ".abs_section_38"
  _SCIBD 
SECTION: ".abs_section_61"
  _TPM2CNT 
SECTION: ".abs_section_63"
  _TPM2MOD 
SECTION: ".abs_section_66"
  _TPM2C0V 
SECTION: ".abs_section_69"
  _TPM2C1V 
SECTION: ".abs_section_1806"
  _SDID 
SECTION: ".abs_section_1810"
  _DBGCA 
SECTION: ".abs_section_1812"
  _DBGCB 
SECTION: ".abs_section_1814"
  _DBGF 
SECTION: ".abs_section_ffc0"
  _vect 

*********************************************************************************************
OBJECT LIST SORTED BY ADDRESS
     Name                                      Addr   hSize   dSize     Ref    Section   RLIB
---------------------------------------------------------------------------------------------
     _PTAD                                        0       1       1       0   .abs_section_0
     _PTADD                                       1       1       1       0   .abs_section_1
     _PTBD                                        2       1       1      10   .abs_section_2
     _PTBDD                                       3       1       1       2   .abs_section_3
     _PTCD                                        4       1       1       5   .abs_section_4
     _PTCDD                                       5       1       1       2   .abs_section_5
     _ACMPSC                                      E       1       1       0   .abs_section_e
     _ADCSC1                                     10       1       1       2   .abs_section_10
     _ADCSC2                                     11       1       1       1   .abs_section_11
     _ADCR                                       12       2       2       1   .abs_section_12
     _ADCCV                                      14       2       2       0   .abs_section_14
     _ADCCFG                                     16       1       1       1   .abs_section_16
     _APCTL1                                     17       1       1       0   .abs_section_17
     _APCTL2                                     18       1       1       0   .abs_section_18
     _IRQSC                                      1A       1       1       0   .abs_section_1a
     _MTIMSC                                     1C       1       1       0   .abs_section_1c
     _MTIMCLK                                    1D       1       1       0   .abs_section_1d
     _MTIMCNT                                    1E       1       1       0   .abs_section_1e
     _MTIMMOD                                    1F       1       1       0   .abs_section_1f
     _TPM1SC                                     20       1       1       0   .abs_section_20
     _TPM1CNT                                    21       2       2       0   .abs_section_21
     _TPM1MOD                                    23       2       2       0   .abs_section_23
     _TPM1C0SC                                   25       1       1       0   .abs_section_25
     _TPM1C0V                                    26       2       2       0   .abs_section_26
     _TPM1C1SC                                   28       1       1       0   .abs_section_28
     _TPM1C1V                                    29       2       2       0   .abs_section_29
     _SCIBD                                      38       2       2       0   .abs_section_38
     _SCIC1                                      3A       1       1       0   .abs_section_3a
     _SCIC2                                      3B       1       1       0   .abs_section_3b
     _SCIS1                                      3C       1       1       0   .abs_section_3c
     _SCIS2                                      3D       1       1       0   .abs_section_3d
     _SCIC3                                      3E       1       1       0   .abs_section_3e
     _SCID                                       3F       1       1       0   .abs_section_3f
     _ICSC1                                      48       1       1       1   .abs_section_48
     _ICSC2                                      49       1       1       1   .abs_section_49
     _ICSTRM                                     4A       1       1       1   .abs_section_4a
     _ICSSC                                      4B       1       1       2   .abs_section_4b
     _SPIC1                                      50       1       1       0   .abs_section_50
     _SPIC2                                      51       1       1       0   .abs_section_51
     _SPIBR                                      52       1       1       0   .abs_section_52
     _SPIS                                       53       1       1       0   .abs_section_53
     _SPID                                       55       1       1       0   .abs_section_55
     _IICA                                       58       1       1       0   .abs_section_58
     _IICF                                       59       1       1       0   .abs_section_59
     _IICC1                                      5A       1       1       0   .abs_section_5a
     _IICS                                       5B       1       1       0   .abs_section_5b
     _IICD                                       5C       1       1       0   .abs_section_5c
     _IICC2                                      5D       1       1       0   .abs_section_5d
     _TPM2SC                                     60       1       1       0   .abs_section_60
     _TPM2CNT                                    61       2       2       0   .abs_section_61
     _TPM2MOD                                    63       2       2       0   .abs_section_63
     _TPM2C0SC                                   65       1       1       0   .abs_section_65
     _TPM2C0V                                    66       2       2       0   .abs_section_66
     _TPM2C1SC                                   68       1       1       0   .abs_section_68
     _TPM2C1V                                    69       2       2       0   .abs_section_69
     _RTCSC                                      6C       1       1       2   .abs_section_6c
     _RTCCNT                                     6D       1       1       0   .abs_section_6d
     _RTCMOD                                     6E       1       1       1   .abs_section_6e
     Shadow_PTB                                  A0       1       1       1   .common     
     ticks                                       A1       4       4       4   .common     
     actual                                      A5       4       4       2   .common     
     stat                                        A9       1       1       2   .common     
     blink                                       AA       1       1       4   .common     
     band                                        AB       1       1       5   .common     
     band0                                       AC       1       1       3   .common     
     _SRS                                      1800       1       1       0   .abs_section_1800
     _SBDFR                                    1801       1       1       0   .abs_section_1801
     _SOPT1                                    1802       1       1       1   .abs_section_1802
     _SOPT2                                    1803       1       1       0   .abs_section_1803
     _SDID                                     1806       2       2       0   .abs_section_1806
     _SPMSC1                                   1809       1       1       1   .abs_section_1809
     _SPMSC2                                   180A       1       1       1   .abs_section_180a
     _DBGCA                                    1810       2       2       0   .abs_section_1810
     _DBGCB                                    1812       2       2       0   .abs_section_1812
     _DBGF                                     1814       2       2       0   .abs_section_1814
     _DBGC                                     1816       1       1       0   .abs_section_1816
     _DBGT                                     1817       1       1       0   .abs_section_1817
     _DBGS                                     1818       1       1       0   .abs_section_1818
     _FCDIV                                    1820       1       1       0   .abs_section_1820
     _FOPT                                     1821       1       1       0   .abs_section_1821
     _FCNFG                                    1823       1       1       0   .abs_section_1823
     _FPROT                                    1824       1       1       0   .abs_section_1824
     _FSTAT                                    1825       1       1       0   .abs_section_1825
     _FCMD                                     1826       1       1       0   .abs_section_1826
     _PTAPE                                    1840       1       1       0   .abs_section_1840
     _PTASE                                    1841       1       1       1   .abs_section_1841
     _PTADS                                    1842       1       1       1   .abs_section_1842
     _PTASC                                    1844       1       1       0   .abs_section_1844
     _PTAPS                                    1845       1       1       0   .abs_section_1845
     _PTAES                                    1846       1       1       0   .abs_section_1846
     _PTBPE                                    1848       1       1       1   .abs_section_1848
     _PTBSE                                    1849       1       1       1   .abs_section_1849
     _PTBDS                                    184A       1       1       1   .abs_section_184a
     _PTBSC                                    184C       1       1       0   .abs_section_184c
     _PTBPS                                    184D       1       1       0   .abs_section_184d
     _PTBES                                    184E       1       1       0   .abs_section_184e
     _PTCPE                                    1850       1       1       1   .abs_section_1850
     _PTCSE                                    1851       1       1       1   .abs_section_1851
     _PTCDS                                    1852       1       1       1   .abs_section_1852
     _GNGC                                     1853       1       1       1   .abs_section_1853
     Cpu_Interrupt                             E000       4       4      30   .init       
     _EntryPoint                               E004      2E      46       1   .init       
     PE_low_level_init                         E032      57      87       1   .init       
     _PUSH_ARGS_L                              E097      20      32       1   .text       
     _ENTER_UNARY_L                            E0B7      29      41       1   .text       
     _ENTER_BINARY_L                           E0E0      16      22       1   .text       
     _LCMP_k_rel_j                             E0F6      1F      31       1   .text       
     _LINC                                     E115      16      22       1   .text       
     _LCMP                                     E12B       6       6       1   .text       
     _COPY                                     E131      30      48       1   .text       
     _POP32                                    E161      1A      26       1   .text       
     loadByte                                  E17B       E      14       5   .text       
     Init                                      E189      6D     109       1   .text       
     _Startup                                  E1F6       9       9       1   .text       
     main                                      E1FF      8C     140       1   .text       
     ReadSetTime                               E28B      36      54       1   .text       
     TimeInt                                   E2C1      15      21       1   .text       
     timer_Init                                E2D6       7       7       1   .text       
     vect                                      E2DD     400    1024       2   .rodata     
     NVPROT_INIT                               FFBD       1       1       0   .abs_section_ffbd
     NVOPT_INIT                                FFBF       1       1       0   .abs_section_ffbf
     _vect                                     FFC0      40      64       0   .abs_section_ffc0

*********************************************************************************************
UNUSED-OBJECTS SECTION
---------------------------------------------------------------------------------------------
NOT USED PROCEDURES
RTSHC08.C.o (ansiis.lib):
  _PUSH_ARGS_D _ENTER_UNARY_L64 _ENTER_UNARY_L64_4 _ENTER_BINARY_L_RC 
  _ENTER_BINARY_L_LC _ENTER_BINARY_L64 _ENTER_BINARY_L64_LC 
  _ENTER_BINARY_L64_RC _IDIVMOD _SPLITSIGN _LADD_k_is_k_plus_j _k_is_k_plus_j_l 
  _k_is_k_plus_j_i _LSUB_k_is_k_minus_j _LAND_k_is_k_and_j _LOR_k_is_k_or_j 
  _LXOR_k_is_k_xor_j _LMUL_k_is_k_mul_j _LDIVMOD _NEG_L_HX _ABS_L_HX 
  _SPLITSIGN_L _LMODU_k_is_k_mod_j _LDIVU_k_is_k_div_j _LMODS_k_is_k_mod_j 
  _LDIVS_k_is_k_div_j _CMP24_k_rel_j _BMULS _BDIVS _BMODS _IMUL_STAR08 
  _IDIVS_STAR08 _IDIVU_STAR08 _IMODS_STAR08 _IMODU_STAR08 _IDIVU_8 _IMODU_8 
  _IASR _ILSR _ILSL _ICMP _LDEC _LNEG _LNOT _LADD _LADD_RC _LSUB _LSUB_LC 
  _LSUB_RC _LAND _LAND_RC _LOR _LOR_RC _LXOR _LXOR_RC _LMUL _LMUL_RC _LDIVS 
  _LDIVS_LC _LDIVS_RC _LDIVU _LDIVU_LC _LDIVU_RC _LMODS _LMODS_LC _LMODS_RC 
  _LMODU _LMODU_LC _LMODU_RC _LASR _LLSR _LLSL _LCMP_RC _PUSH_ARGS_24 
  _ENTER_BINARY_24_RC _ENTER_BINARY_24 _CMP24 _CMP24_RC _COPY_L _POP64 _STORE32 
  _STORE64 _SEXT8_32 _SEXT16_32 _CALL_STAR08 _CALL_STAR08_FAR _Jump_Table_Addr 
  _Jump_Table_Offset _Jump_Table_Header_Addr _Jump_Table_Header_Offset 
  _Search_Table_16_Addr _Search_Table_16_Offset _Search_Table_8_Addr 
  _Search_Table_8_Offset _PUSH_CC _POP_CC _CONV_FAR_TO_NEAR _CONV_FAR_TO_LINEAR 
  _CONV_LINEAR_TO_FAR 
Cpu.c.o:
  Cpu_Delay100US 
NOT USED VARIABLES
RTSHC08.C.o (ansiis.lib):
  _PowOfTwo_8 _PowOfTwo_16 _PowOfTwo_32 errno 
Cpu.c.o:
  CCR_reg 
Switcher.c.o:
  AdcVal 

*********************************************************************************************
COPYDOWN SECTION
---------------------------------------------------------------------------------------------
------- ROM-ADDRESS: 0xE6DD ---- SIZE       2 ---
Filling bytes inserted
 0000

*********************************************************************************************
OBJECT-DEPENDENCIES SECTION
---------------------------------------------------------------------------------------------
_EntryPoint               USES _SOPT1 _SPMSC1 _SPMSC2 _ICSTRM _ICSSC _ICSC1 
                                _ICSC2 _GNGC _Startup 
PE_low_level_init         USES _PTCPE _PTCD _PTCDD _PTBD _PTBPE _PTBDD _PTASE 
                                _PTBSE _PTCSE _PTADS _PTBDS _PTCDS Shadow_PTB 
                                timer_Init 
_ENTER_BINARY_L           USES _PUSH_ARGS_L 
_LINC                     USES _ENTER_UNARY_L 
_LCMP                     USES _ENTER_BINARY_L _LCMP_k_rel_j 
Init                      USES _startupData loadByte 
_Startup                  USES __SEG_END_SSTACK Init main 
main                      USES PE_low_level_init _PTBD _PTCD band band0 blink 
                                actual ReadSetTime ticks _LCMP stat 
ReadSetTime               USES _ADCCFG _ADCSC1 _ADCSC2 _ADCR vect _COPY 
TimeInt                   USES ticks _LINC _POP32 blink _RTCSC 
timer_Init                USES _RTCMOD _RTCSC 
_vect                     USES Cpu_Interrupt TimeInt _EntryPoint 

*********************************************************************************************
DEPENDENCY TREE
*********************************************************************************************
 main and _Startup Group
 | 
 +- main                
 |  | 
 |  +- PE_low_level_init   
 |  |  | 
 |  |  +- timer_Init          
 |  |       
 |  +- ReadSetTime         
 |  |  | 
 |  |  +- _COPY               
 |  |       
 |  +- _LCMP               
 |     | 
 |     +- _ENTER_BINARY_L     
 |     |  | 
 |     |  +- _PUSH_ARGS_L        
 |     |       
 |     +- _LCMP_k_rel_j       
 |          
 +- _EntryPoint         
    | 
    +- _Startup            
       | 
       +- Init                
       |  | 
       |  +- loadByte            
       |       
       +- main                 (see above)
          
 _vect               
 | 
 +- Cpu_Interrupt       
 |    
 +- TimeInt             
 |  | 
 |  +- _LINC               
 |  |  | 
 |  |  +- _ENTER_UNARY_L      
 |  |       
 |  +- _POP32              
 |       
 +- _EntryPoint          (see above)
    
*********************************************************************************************
STATISTIC SECTION
---------------------------------------------------------------------------------------------

ExeFile:
--------
Number of blocks to be downloaded: 7
Total size of all blocks to be downloaded: 1825

